Booking time range must be later than the current time