duplicate key value violates unique constraint "User_username_key"
DETAIL:  Key (username)=(Daniel1Lopez) already exists.
