Booking end time must be earlier than 11:00 PM EST