Query end datetime cannot be earlier than the query start datetime