{'avg_duration_mins': Decimal('97'), 'most_booked_hour': '07:00 AM'}