{'avg_duration_mins': Decimal('89'), 'most_booked_hour': '07:00 AM'}