{'avg_duration_mins': Decimal('793'), 'most_booked_hour': '07:00 AM'}