{'roomID': UUID('00000000-0000-0000-0000-000000000012'), 'roomName': 'MLH1 1', 'bookingCount': 1}