{'roomID': UUID('00000000-0000-0000-0000-00000000006c'), 'roomName': 'ESB2 1', 'bookingCount': 3}