{'roomID': UUID('00000000-0000-0000-0000-000000000001'), 'roomName': 'MC 4059', 'bookingCount': 1}